[debug] [2026-09-21T09:44:48.978Z] ----------------------------------------------------------------------
[debug] [2026-09-21T09:44:48.981Z] Command:       /usr/local/bin/node /usr/local/bin/firebase deploy --only hosting --project nursingofficerapp
[debug] [2026-09-21T09:44:48.981Z] CLI Version:   15.29.0
[debug] [2026-09-21T09:44:48.981Z] Platform:      linux
[debug] [2026-09-21T09:44:48.982Z] Node Version:  v22.23.2
[debug] [2026-09-21T09:44:48.982Z] Detected Agent: unknown
[debug] [2026-09-21T09:44:48.982Z] Time:          Mon Sep 21 2026 09:44:48 GMT+0000 (Coordinated Universal Time)
[debug] [2026-09-21T09:44:48.982Z] ----------------------------------------------------------------------
[debug] 
[debug] [2026-09-21T09:44:49.012Z] >>> [apiv2][query] GET https://firebase-public.firebaseio.com/cli.json [none]
[debug] [2026-09-21T09:44:51.840Z] > command requires scopes: ["email","openid","https://www.googleapis.com/auth/cloudplatformprojects.readonly","https://www.googleapis.com/auth/firebase","https://www.googleapis.com/auth/cloud-platform"]
[debug] [2026-09-21T09:44:51.867Z] Running auto auth
[debug] [2026-09-21T09:44:51.872Z] [iam] checking project nursingofficerapp for permissions ["firebase.projects.get","firebasehosting.sites.update"]
[debug] [2026-09-21T09:44:51.873Z] No OAuth tokens found
[debug] [2026-09-21T09:44:51.874Z] >>> [apiv2][query] POST https://cloudresourcemanager.googleapis.com/v1/projects/nursingofficerapp:testIamPermissions [none]
[debug] [2026-09-21T09:44:51.874Z] >>> [apiv2][(partial)header] POST https://cloudresourcemanager.googleapis.com/v1/projects/nursingofficerapp:testIamPermissions  x-goog-user-project=nursingofficerapp
[debug] [2026-09-21T09:44:51.874Z] >>> [apiv2][body] POST https://cloudresourcemanager.googleapis.com/v1/projects/nursingofficerapp:testIamPermissions {"permissions":["firebase.projects.get","firebasehosting.sites.update"]}
[debug] [2026-09-21T09:44:52.312Z] <<< [apiv2][status] GET https://firebase-public.firebaseio.com/cli.json 200
[debug] [2026-09-21T09:44:52.312Z] <<< [apiv2][body] GET https://firebase-public.firebaseio.com/cli.json {"cloudBuildErrorAfter":1594252800000,"cloudBuildWarnAfter":1590019200000,"defaultNode10After":1594252800000,"minVersion":"3.0.5","node8DeploysDisabledAfter":1613390400000,"node8RuntimeDisabledAfter":1615809600000,"node8WarnAfter":1600128000000}
[debug] [2026-09-21T09:44:52.930Z] <<< [apiv2][status] POST https://cloudresourcemanager.googleapis.com/v1/projects/nursingofficerapp:testIamPermissions 403
[debug] [2026-09-21T09:44:52.930Z] <<< [apiv2][body] POST https://cloudresourcemanager.googleapis.com/v1/projects/nursingofficerapp:testIamPermissions {"error":{"code":403,"message":"Caller does not have required permission to use project nursingofficerapp. Grant the caller the roles/serviceusage.serviceUsageConsumer role, or a custom role with the serviceusage.services.use permission, by visiting https://console.developers.google.com/iam-admin/iam?project=nursingofficerapp and then retry. Propagation of the new permission may take a few minutes.","status":"PERMISSION_DENIED","details":[{"@type":"type.googleapis.com/google.rpc.ErrorInfo","reason":"USER_PROJECT_DENIED","domain":"googleapis.com","metadata":{"consoleUrl":"https://console.developers.google.com/iam-admin/iam?project=nursingofficerapp","containerInfo":"nursingofficerapp","service":"cloudresourcemanager.googleapis.com","consumer":"projects/nursingofficerapp"}},{"@type":"type.googleapis.com/google.rpc.LocalizedMessage","locale":"en-US","message":"Caller does not have required permission to use project nursingofficerapp. Grant the caller the roles/serviceusage.serviceUsageConsumer role, or a custom role with the serviceusage.services.use permission, by visiting https://console.developers.google.com/iam-admin/iam?project=nursingofficerapp and then retry. Propagation of the new permission may take a few minutes."},{"@type":"type.googleapis.com/google.rpc.Help","links":[{"description":"Google developer console IAM admin","url":"https://console.developers.google.com/iam-admin/iam?project=nursingofficerapp"}]}]}}
[debug] [2026-09-21T09:44:52.931Z] [iam] error while checking permissions, command may fail: Request to https://cloudresourcemanager.googleapis.com/v1/projects/nursingofficerapp:testIamPermissions had HTTP Error: 403, Caller does not have required permission to use project nursingofficerapp. Grant the caller the roles/serviceusage.serviceUsageConsumer role, or a custom role with the serviceusage.services.use permission, by visiting https://console.developers.google.com/iam-admin/iam?project=nursingofficerapp and then retry. Propagation of the new permission may take a few minutes.
[debug] [2026-09-21T09:44:52.932Z] No OAuth tokens found
[debug] [2026-09-21T09:44:52.932Z] >>> [apiv2][query] GET https://firebase.googleapis.com/v1beta1/projects/nursingofficerapp [none]
[debug] [2026-09-21T09:44:53.030Z] <<< [apiv2][status] GET https://firebase.googleapis.com/v1beta1/projects/nursingofficerapp 403
[debug] [2026-09-21T09:44:53.031Z] <<< [apiv2][body] GET https://firebase.googleapis.com/v1beta1/projects/nursingofficerapp {"error":{"code":403,"message":"Firebase Management API has not been used in project 106673320800 before or it is disabled. Enable it by visiting https://console.developers.google.com/apis/api/firebase.googleapis.com/overview?project=106673320800 then retry. If you enabled this API recently, wait a few minutes for the action to propagate to our systems and retry.","status":"PERMISSION_DENIED","details":[{"@type":"type.googleapis.com/google.rpc.ErrorInfo","reason":"SERVICE_DISABLED","domain":"googleapis.com","metadata":{"activationUrl":"https://console.developers.google.com/apis/api/firebase.googleapis.com/overview?project=106673320800","consumer":"projects/106673320800","service":"firebase.googleapis.com","serviceTitle":"Firebase Management API","containerInfo":"106673320800"}},{"@type":"type.googleapis.com/google.rpc.LocalizedMessage","locale":"en-US","message":"Firebase Management API has not been used in project 106673320800 before or it is disabled. Enable it by visiting https://console.developers.google.com/apis/api/firebase.googleapis.com/overview?project=106673320800 then retry. If you enabled this API recently, wait a few minutes for the action to propagate to our systems and retry."},{"@type":"type.googleapis.com/google.rpc.Help","links":[{"description":"Google developers console API activation","url":"https://console.developers.google.com/apis/api/firebase.googleapis.com/overview?project=106673320800"}]}]}}
[debug] [2026-09-21T09:44:53.031Z] Request to https://firebase.googleapis.com/v1beta1/projects/nursingofficerapp had HTTP Error: 403, Firebase Management API has not been used in project 106673320800 before or it is disabled. Enable it by visiting https://console.developers.google.com/apis/api/firebase.googleapis.com/overview?project=106673320800 then retry. If you enabled this API recently, wait a few minutes for the action to propagate to our systems and retry.
[debug] [2026-09-21T09:44:53.032Z] FirebaseError: Request to https://firebase.googleapis.com/v1beta1/projects/nursingofficerapp had HTTP Error: 403, Firebase Management API has not been used in project 106673320800 before or it is disabled. Enable it by visiting https://console.developers.google.com/apis/api/firebase.googleapis.com/overview?project=106673320800 then retry. If you enabled this API recently, wait a few minutes for the action to propagate to our systems and retry.
    at responseToError (/usr/local/lib/node_modules/firebase-tools/lib/responseToError.js:53:12)
    at RetryOperation._fn (/usr/local/lib/node_modules/firebase-tools/lib/apiv2.js:415:77)
    at process.processTicksAndRejections (node:internal/process/task_queues:103:5)
[error] 
[error] Error: Failed to get Firebase project nursingofficerapp. Please make sure the project exists and your account has permission to access it.
